2025-08-01 17:19:10 - INFO - DataPreprocessor initialized. Logging to : ./assets/data_preprocessing.log
2025-08-01 17:19:10 - INFO - START: preprocess pipeline
2025-08-01 17:19:10 - INFO - START: correct_brand_names
2025-08-01 17:19:10 - INFO - END: correct_brand_names
2025-08-01 17:19:10 - INFO - START: clean_model_names
2025-08-01 17:19:10 - INFO - END: clean_model_names
2025-08-01 17:19:10 - INFO - START: extract_numerical_columns
2025-08-01 17:19:10 - INFO - END: extract_numerical_columns
2025-08-01 17:19:10 - INFO - START: get_fuel_type
2025-08-01 17:19:10 - INFO - Completed: Updated fuel_type_map saved to ./assets/fuel_type_map.pkl
2025-08-01 17:19:10 - INFO - END: get_fuel_type
2025-08-01 17:19:10 - INFO - START: get_transmission_type
2025-08-01 17:19:10 - INFO - END: get_transmission_type
2025-08-01 17:19:10 - INFO - START: get_transmission_speeds
2025-08-01 17:19:10 - INFO - END: get_transmission_speeds
2025-08-01 17:19:10 - INFO - START: impute_transmission
2025-08-01 17:19:10 - INFO - END: impute_transmission
2025-08-01 17:19:10 - INFO - START: extract_engine_data
2025-08-01 17:19:10 - INFO - END: extract_engine_data
2025-08-01 17:19:10 - INFO - START: impute_engine_specs
2025-08-01 17:19:11 - INFO - END: impute_engine_specs
2025-08-01 17:19:11 - INFO - START: impute_accident_history
2025-08-01 17:19:11 - INFO - END: impute_accident_history
2025-08-01 17:19:11 - INFO - START: impute_clean_title
2025-08-01 17:19:11 - INFO - END: impute_clean_title
2025-08-01 17:19:11 - INFO - START: check_missing_values
2025-08-01 17:19:11 - INFO - No missing values found.
2025-08-01 17:19:11 - INFO - END: check_missing_values
2025-08-01 17:19:11 - INFO - END: preprocess pipeline
2025-08-01 17:40:44 - INFO - DataPreprocessor initialized. Logging to : ./assets/data_preprocessing.log
2025-08-01 17:40:44 - INFO - START: preprocess pipeline
2025-08-01 17:40:44 - INFO - START: correct_brand_names
2025-08-01 17:40:44 - INFO - END: correct_brand_names
2025-08-01 17:40:44 - INFO - START: clean_model_names
2025-08-01 17:40:44 - INFO - END: clean_model_names
2025-08-01 17:40:44 - INFO - START: extract_numerical_columns
2025-08-01 17:40:44 - INFO - END: extract_numerical_columns
2025-08-01 17:40:44 - INFO - START: get_fuel_type
2025-08-01 17:40:44 - INFO - Completed: Updated fuel_type_map saved to ./assets/fuel_type_map.pkl
2025-08-01 17:40:44 - INFO - END: get_fuel_type
2025-08-01 17:40:44 - INFO - START: get_transmission_type
2025-08-01 17:40:44 - INFO - END: get_transmission_type
2025-08-01 17:40:44 - INFO - START: get_transmission_speeds
2025-08-01 17:40:44 - INFO - END: get_transmission_speeds
2025-08-01 17:40:44 - INFO - START: impute_transmission
2025-08-01 17:40:44 - INFO - END: impute_transmission
2025-08-01 17:40:44 - INFO - START: extract_engine_data
2025-08-01 17:40:44 - INFO - END: extract_engine_data
2025-08-01 17:40:44 - INFO - START: impute_engine_specs
2025-08-01 17:40:45 - INFO - END: impute_engine_specs
2025-08-01 17:40:45 - INFO - START: impute_accident_history
2025-08-01 17:40:45 - INFO - END: impute_accident_history
2025-08-01 17:40:45 - INFO - START: impute_clean_title
2025-08-01 17:40:45 - INFO - END: impute_clean_title
2025-08-01 17:40:45 - INFO - START: check_missing_values
2025-08-01 17:40:45 - INFO - No missing values found.
2025-08-01 17:40:45 - INFO - END: check_missing_values
2025-08-01 17:40:45 - INFO - END: preprocess pipeline
2025-08-01 17:43:23 - INFO - DataPreprocessor initialized. Logging to : ./assets/data_preprocessing.log
2025-08-01 17:43:23 - INFO - START: preprocess pipeline
2025-08-01 17:43:23 - INFO - START: correct_brand_names
2025-08-01 17:43:23 - INFO - END: correct_brand_names
2025-08-01 17:43:23 - INFO - START: clean_model_names
2025-08-01 17:43:23 - INFO - END: clean_model_names
2025-08-01 17:43:23 - INFO - START: extract_numerical_columns
2025-08-01 17:43:23 - INFO - END: extract_numerical_columns
2025-08-01 17:43:23 - INFO - START: get_fuel_type
2025-08-01 17:43:23 - INFO - Completed: Updated fuel_type_map saved to ./assets/fuel_type_map.pkl
2025-08-01 17:43:23 - INFO - END: get_fuel_type
2025-08-01 17:43:23 - INFO - START: get_transmission_type
2025-08-01 17:43:23 - INFO - END: get_transmission_type
2025-08-01 17:43:23 - INFO - START: get_transmission_speeds
2025-08-01 17:43:23 - INFO - END: get_transmission_speeds
2025-08-01 17:43:23 - INFO - START: impute_transmission
2025-08-01 17:43:24 - INFO - END: impute_transmission
2025-08-01 17:43:24 - INFO - START: extract_engine_data
2025-08-01 17:43:24 - INFO - END: extract_engine_data
2025-08-01 17:43:24 - INFO - START: impute_engine_specs
2025-08-01 17:43:24 - INFO - END: impute_engine_specs
2025-08-01 17:43:24 - INFO - START: impute_accident_history
2025-08-01 17:43:24 - INFO - END: impute_accident_history
2025-08-01 17:43:24 - INFO - START: impute_clean_title
2025-08-01 17:43:24 - INFO - END: impute_clean_title
2025-08-01 17:43:24 - INFO - START: check_missing_values
2025-08-01 17:43:24 - INFO - No missing values found.
2025-08-01 17:43:24 - INFO - END: check_missing_values
2025-08-01 17:43:24 - INFO - END: preprocess pipeline
2025-08-01 17:54:26 - INFO - DataPreprocessor initialized. Logging to : ./assets/data_preprocessing.log
2025-08-01 17:54:26 - INFO - START: preprocess pipeline
2025-08-01 17:54:26 - INFO - START: correct_brand_names
2025-08-01 17:54:26 - INFO - END: correct_brand_names
2025-08-01 17:54:26 - INFO - START: clean_model_names
2025-08-01 17:54:26 - INFO - END: clean_model_names
2025-08-01 17:54:26 - INFO - START: extract_numerical_columns
2025-08-01 17:54:26 - INFO - END: extract_numerical_columns
2025-08-01 17:54:26 - INFO - START: get_fuel_type
2025-08-01 17:54:26 - INFO - Completed: Updated fuel_type_map saved to ./assets/fuel_type_map.pkl
2025-08-01 17:54:26 - INFO - END: get_fuel_type
2025-08-01 17:54:26 - INFO - START: get_transmission_type
2025-08-01 17:54:26 - INFO - END: get_transmission_type
2025-08-01 17:54:26 - INFO - START: get_transmission_speeds
2025-08-01 17:54:26 - INFO - END: get_transmission_speeds
2025-08-01 17:54:26 - INFO - START: impute_transmission
2025-08-01 17:54:26 - INFO - END: impute_transmission
2025-08-01 17:54:26 - INFO - START: extract_engine_data
2025-08-01 17:54:26 - INFO - END: extract_engine_data
2025-08-01 17:54:26 - INFO - START: impute_engine_specs
2025-08-01 17:54:27 - INFO - END: impute_engine_specs
2025-08-01 17:54:27 - INFO - START: impute_accident_history
2025-08-01 17:54:27 - INFO - END: impute_accident_history
2025-08-01 17:54:27 - INFO - START: impute_clean_title
2025-08-01 17:54:27 - INFO - END: impute_clean_title
2025-08-01 17:54:27 - INFO - START: check_missing_values
2025-08-01 17:54:27 - INFO - No missing values found.
2025-08-01 17:54:27 - INFO - END: check_missing_values
2025-08-01 17:54:27 - INFO - END: preprocess pipeline
2025-08-01 21:50:31 - INFO - DataPreprocessor initialized. Logging to : ./assets/data_preprocessing.log
2025-08-01 21:50:31 - INFO - START: preprocess pipeline
2025-08-01 21:50:31 - INFO - START: correct_brand_names
2025-08-01 21:50:31 - INFO - END: correct_brand_names
2025-08-01 21:50:31 - INFO - START: clean_model_names
2025-08-01 21:50:31 - INFO - END: clean_model_names
2025-08-01 21:50:31 - INFO - START: extract_numerical_columns
2025-08-01 21:50:31 - INFO - END: extract_numerical_columns
2025-08-01 21:50:31 - INFO - START: get_fuel_type
2025-08-01 21:50:31 - INFO - Completed: Updated fuel_type_map saved to ./assets/fuel_type_map.pkl
2025-08-01 21:50:32 - INFO - END: get_fuel_type
2025-08-01 21:50:32 - INFO - START: get_transmission_type
2025-08-01 21:50:32 - INFO - END: get_transmission_type
2025-08-01 21:50:32 - INFO - START: get_transmission_speeds
2025-08-01 21:50:32 - INFO - END: get_transmission_speeds
2025-08-01 21:50:32 - INFO - START: impute_transmission
2025-08-01 21:50:32 - INFO - END: impute_transmission
2025-08-01 21:50:32 - INFO - START: extract_engine_data
2025-08-01 21:50:32 - INFO - END: extract_engine_data
2025-08-01 21:50:32 - INFO - START: impute_engine_specs
2025-08-01 21:50:32 - INFO - END: impute_engine_specs
2025-08-01 21:50:32 - INFO - START: impute_accident_history
2025-08-01 21:50:32 - INFO - END: impute_accident_history
2025-08-01 21:50:32 - INFO - START: impute_clean_title
2025-08-01 21:50:32 - INFO - END: impute_clean_title
2025-08-01 21:50:32 - INFO - START: check_missing_values
2025-08-01 21:50:32 - INFO - No missing values found.
2025-08-01 21:50:32 - INFO - END: check_missing_values
2025-08-01 21:50:32 - INFO - END: preprocess pipeline
2025-08-01 21:57:03 - INFO - DataPreprocessor initialized. Logging to : ./assets/data_preprocessing.log
2025-08-01 21:57:03 - INFO - START: preprocess pipeline
2025-08-01 21:57:03 - INFO - START: correct_brand_names
2025-08-01 21:57:03 - INFO - COMPLETE: correct_brand_names
2025-08-01 21:57:03 - INFO - START: clean_model_names
2025-08-01 21:57:03 - INFO - COMPLETE: clean_model_names
2025-08-01 21:57:03 - INFO - START: extract_numerical_columns
2025-08-01 21:57:03 - INFO - COMPLETE: extract_numerical_columns
2025-08-01 21:57:03 - INFO - START: get_fuel_type
2025-08-01 21:57:03 - INFO - Completed: Updated fuel_type_map saved to ./assets/fuel_type_map.pkl
2025-08-01 21:57:03 - INFO - COMPLETE: get_fuel_type
2025-08-01 21:57:03 - INFO - START: get_transmission_type
2025-08-01 21:57:03 - INFO - COMPLETE: get_transmission_type
2025-08-01 21:57:03 - INFO - START: get_transmission_speeds
2025-08-01 21:57:03 - INFO - COMPLETE: get_transmission_speeds
2025-08-01 21:57:03 - INFO - START: impute_transmission
2025-08-01 21:57:04 - INFO - COMPLETE: impute_transmission
2025-08-01 21:57:04 - INFO - START: extract_engine_data
2025-08-01 21:57:04 - INFO - COMPLETE: extract_engine_data
2025-08-01 21:57:04 - INFO - START: impute_engine_specs
2025-08-01 21:57:04 - INFO - COMPLETE: impute_engine_specs
2025-08-01 21:57:04 - INFO - START: get_ext_color
2025-08-01 21:57:04 - INFO - COMPLETE: get_ext_color
2025-08-01 21:57:04 - INFO - START: get_int_color
2025-08-01 21:57:04 - INFO - COMPLETE: get_int_color
2025-08-01 21:57:04 - INFO - START: impute_accident_history
2025-08-01 21:57:04 - INFO - COMPLETE: impute_accident_history
2025-08-01 21:57:04 - INFO - START: impute_clean_title
2025-08-01 21:57:04 - INFO - COMPLETE: impute_clean_title
2025-08-01 21:57:04 - INFO - START: check_missing_values
2025-08-01 21:57:04 - INFO - No missing values found.
2025-08-01 21:57:04 - INFO - COMPLETE: check_missing_values
2025-08-01 21:57:04 - INFO - COMPLETE: preprocess pipeline
